// Vitest Snapshot v1, https://vitest.dev/guide/snapshot.html

exports[`BankSelector > should render correctly and match snapshot 1`] = `
<div>
  <div
    class="max-w-2xl mx-auto"
  >
    <div
      class="fixed top-4 right-4 z-50 space-y-2"
    />
    <div
      class="flex items-center justify-between mb-6"
    >
      <h2
        class="text-2xl font-bold text-slate-800"
      >
        Banks List
      </h2>
      <button
        class="flex items-center gap-2 bg-blue-600 hover:bg-blue-700 disabled:bg-blue-400 text-white px-4 py-2 rounded-lg font-semibold shadow transition"
      >
        <svg
          aria-hidden="true"
          class="lucide lucide-circle-plus w-5 h-5"
          fill="none"
          height="24"
          stroke="currentColor"
          stroke-linecap="round"
          stroke-linejoin="round"
          stroke-width="2"
          viewBox="0 0 24 24"
          width="24"
          xmlns="http://www.w3.org/2000/svg"
        >
          <circle
            cx="12"
            cy="12"
            r="10"
          />
          <path
            d="M8 12h8"
          />
          <path
            d="M12 8v8"
          />
        </svg>
        Add Bank
      </button>
    </div>
    <div
      class="bg-white rounded-xl shadow p-6 border border-slate-100"
    >
      <div
        class="bg-white rounded-xl shadow p-6 border border-slate-100"
      >
        <ul
          class="divide-y divide-slate-100"
          role="list"
        >
          <li
            class="flex items-center justify-between py-3"
          >
            <span
              class="flex-1 truncate text-slate-800 font-medium"
              title="Chase Bank"
            >
              Chase Bank
            </span>
            <div
              class="flex gap-2"
            >
              <button
                aria-label="Edit Chase Bank"
                class="text-blue-500 hover:text-blue-700 disabled:opacity-50 px-2 py-1 rounded transition"
                title="Edit Chase Bank"
              >
                <svg
                  aria-hidden="true"
                  class="lucide lucide-square-pen h-4 w-4"
                  fill="none"
                  height="24"
                  stroke="currentColor"
                  stroke-linecap="round"
                  stroke-linejoin="round"
                  stroke-width="2"
                  viewBox="0 0 24 24"
                  width="24"
                  xmlns="http://www.w3.org/2000/svg"
                >
                  <path
                    d="M12 3H5a2 2 0 0 0-2 2v14a2 2 0 0 0 2 2h14a2 2 0 0 0 2-2v-7"
                  />
                  <path
                    d="M18.375 2.625a1 1 0 0 1 3 3l-9.013 9.014a2 2 0 0 1-.853.505l-2.873.84a.5.5 0 0 1-.62-.62l.84-2.873a2 2 0 0 1 .506-.852z"
                  />
                </svg>
              </button>
              <button
                aria-label="Delete Chase Bank"
                class="text-red-500 hover:text-red-700 disabled:opacity-50 px-2 py-1 rounded transition"
                title="Delete Chase Bank"
              >
                <svg
                  aria-hidden="true"
                  class="lucide lucide-trash2 lucide-trash-2 h-4 w-4"
                  fill="none"
                  height="24"
                  stroke="currentColor"
                  stroke-linecap="round"
                  stroke-linejoin="round"
                  stroke-width="2"
                  viewBox="0 0 24 24"
                  width="24"
                  xmlns="http://www.w3.org/2000/svg"
                >
                  <path
                    d="M3 6h18"
                  />
                  <path
                    d="M19 6v14c0 1-1 2-2 2H7c-1 0-2-1-2-2V6"
                  />
                  <path
                    d="M8 6V4c0-1 1-2 2-2h4c1 0 2 1 2 2v2"
                  />
                  <line
                    x1="10"
                    x2="10"
                    y1="11"
                    y2="17"
                  />
                  <line
                    x1="14"
                    x2="14"
                    y1="11"
                    y2="17"
                  />
                </svg>
              </button>
            </div>
          </li>
          <li
            class="flex items-center justify-between py-3"
          >
            <span
              class="flex-1 truncate text-slate-800 font-medium"
              title="Wells Fargo"
            >
              Wells Fargo
            </span>
            <div
              class="flex gap-2"
            >
              <button
                aria-label="Edit Wells Fargo"
                class="text-blue-500 hover:text-blue-700 disabled:opacity-50 px-2 py-1 rounded transition"
                title="Edit Wells Fargo"
              >
                <svg
                  aria-hidden="true"
                  class="lucide lucide-square-pen h-4 w-4"
                  fill="none"
                  height="24"
                  stroke="currentColor"
                  stroke-linecap="round"
                  stroke-linejoin="round"
                  stroke-width="2"
                  viewBox="0 0 24 24"
                  width="24"
                  xmlns="http://www.w3.org/2000/svg"
                >
                  <path
                    d="M12 3H5a2 2 0 0 0-2 2v14a2 2 0 0 0 2 2h14a2 2 0 0 0 2-2v-7"
                  />
                  <path
                    d="M18.375 2.625a1 1 0 0 1 3 3l-9.013 9.014a2 2 0 0 1-.853.505l-2.873.84a.5.5 0 0 1-.62-.62l.84-2.873a2 2 0 0 1 .506-.852z"
                  />
                </svg>
              </button>
              <button
                aria-label="Delete Wells Fargo"
                class="text-red-500 hover:text-red-700 disabled:opacity-50 px-2 py-1 rounded transition"
                title="Delete Wells Fargo"
              >
                <svg
                  aria-hidden="true"
                  class="lucide lucide-trash2 lucide-trash-2 h-4 w-4"
                  fill="none"
                  height="24"
                  stroke="currentColor"
                  stroke-linecap="round"
                  stroke-linejoin="round"
                  stroke-width="2"
                  viewBox="0 0 24 24"
                  width="24"
                  xmlns="http://www.w3.org/2000/svg"
                >
                  <path
                    d="M3 6h18"
                  />
                  <path
                    d="M19 6v14c0 1-1 2-2 2H7c-1 0-2-1-2-2V6"
                  />
                  <path
                    d="M8 6V4c0-1 1-2 2-2h4c1 0 2 1 2 2v2"
                  />
                  <line
                    x1="10"
                    x2="10"
                    y1="11"
                    y2="17"
                  />
                  <line
                    x1="14"
                    x2="14"
                    y1="11"
                    y2="17"
                  />
                </svg>
              </button>
            </div>
          </li>
          <li
            class="flex items-center justify-between py-3"
          >
            <span
              class="flex-1 truncate text-slate-800 font-medium"
              title="Bank of America"
            >
              Bank of America
            </span>
            <div
              class="flex gap-2"
            >
              <button
                aria-label="Edit Bank of America"
                class="text-blue-500 hover:text-blue-700 disabled:opacity-50 px-2 py-1 rounded transition"
                title="Edit Bank of America"
              >
                <svg
                  aria-hidden="true"
                  class="lucide lucide-square-pen h-4 w-4"
                  fill="none"
                  height="24"
                  stroke="currentColor"
                  stroke-linecap="round"
                  stroke-linejoin="round"
                  stroke-width="2"
                  viewBox="0 0 24 24"
                  width="24"
                  xmlns="http://www.w3.org/2000/svg"
                >
                  <path
                    d="M12 3H5a2 2 0 0 0-2 2v14a2 2 0 0 0 2 2h14a2 2 0 0 0 2-2v-7"
                  />
                  <path
                    d="M18.375 2.625a1 1 0 0 1 3 3l-9.013 9.014a2 2 0 0 1-.853.505l-2.873.84a.5.5 0 0 1-.62-.62l.84-2.873a2 2 0 0 1 .506-.852z"
                  />
                </svg>
              </button>
              <button
                aria-label="Delete Bank of America"
                class="text-red-500 hover:text-red-700 disabled:opacity-50 px-2 py-1 rounded transition"
                title="Delete Bank of America"
              >
                <svg
                  aria-hidden="true"
                  class="lucide lucide-trash2 lucide-trash-2 h-4 w-4"
                  fill="none"
                  height="24"
                  stroke="currentColor"
                  stroke-linecap="round"
                  stroke-linejoin="round"
                  stroke-width="2"
                  viewBox="0 0 24 24"
                  width="24"
                  xmlns="http://www.w3.org/2000/svg"
                >
                  <path
                    d="M3 6h18"
                  />
                  <path
                    d="M19 6v14c0 1-1 2-2 2H7c-1 0-2-1-2-2V6"
                  />
                  <path
                    d="M8 6V4c0-1 1-2 2-2h4c1 0 2 1 2 2v2"
                  />
                  <line
                    x1="10"
                    x2="10"
                    y1="11"
                    y2="17"
                  />
                  <line
                    x1="14"
                    x2="14"
                    y1="11"
                    y2="17"
                  />
                </svg>
              </button>
            </div>
          </li>
        </ul>
      </div>
    </div>
  </div>
</div>
`;

exports[`BankSelector > should show error state and match snapshot 1`] = `
<div>
  <div
    class="max-w-2xl mx-auto"
  >
    <div
      class="bg-red-50 border border-red-200 rounded-lg p-4"
    >
      <p
        class="text-red-600"
      >
        Error loading banks. Please try again.
      </p>
    </div>
  </div>
</div>
`;

exports[`BankSelector > should show loading state and match snapshot 1`] = `
<div>
  <div
    class="max-w-2xl mx-auto"
  >
    <div
      class="flex items-center justify-center h-64"
    >
      <svg
        aria-hidden="true"
        class="lucide lucide-loader-circle w-8 h-8 animate-spin text-blue-600"
        fill="none"
        height="24"
        stroke="currentColor"
        stroke-linecap="round"
        stroke-linejoin="round"
        stroke-width="2"
        viewBox="0 0 24 24"
        width="24"
        xmlns="http://www.w3.org/2000/svg"
      >
        <path
          d="M21 12a9 9 0 1 1-6.219-8.56"
        />
      </svg>
      <span
        class="ml-2 text-slate-600"
      >
        Loading banks...
      </span>
    </div>
  </div>
</div>
`;
