// Vitest Snapshot v1, https://vitest.dev/guide/snapshot.html

exports[`Dashboard > matches dashboard layout snapshot 1`] = `
<div>
  <div>
    <div>
      <div
        class="flex min-h-screen bg-slate-100"
      >
        <div
          class="flex-1 flex flex-col min-h-screen"
        >
          <header
            data-testid="dashboard-header"
          >
            <h1>
              Dashboard
            </h1>
            <button
              data-testid="logout-button"
            >
              Logout
            </button>
          </header>
          <div
            class="flex flex-row w-full"
          >
            <aside
              data-testid="sidebar"
            >
              <div>
                Main
              </div>
              <button
                data-testid="sidebar-logout-button"
              >
                Sidebar Logout
              </button>
              <button
                data-testid="settings-bank-button"
              >
                Bank Settings
              </button>
              <button
                data-testid="settings-city-button"
              >
                City Settings
              </button>
              <button
                data-testid="settings-state-button"
              >
                State Settings
              </button>
              <button
                data-testid="settings-company-button"
              >
                Company Settings
              </button>
              <button
                data-testid="settings-skills-button"
              >
                Skills Settings
              </button>
              <button
                data-testid="settings-shift-button"
              >
                Shift Settings
              </button>
              <button
                data-testid="settings-department-button"
              >
                Department Settings
              </button>
              <button
                data-testid="settings-invalid-button"
              >
                Invalid Settings
              </button>
            </aside>
            <main
              class="flex-1 p-10 bg-slate-100"
            >
              <div
                data-testid="dashboard-selector"
              >
                Dashboard Selector
              </div>
            </main>
          </div>
        </div>
      </div>
    </div>
  </div>
</div>
`;

exports[`Dashboard > renders dashboard content sections 1`] = `
<div>
  <div>
    <div>
      <div
        class="flex min-h-screen bg-slate-100"
      >
        <div
          class="flex-1 flex flex-col min-h-screen"
        >
          <header
            data-testid="dashboard-header"
          >
            <h1>
              Dashboard
            </h1>
            <button
              data-testid="logout-button"
            >
              Logout
            </button>
          </header>
          <div
            class="flex flex-row w-full"
          >
            <aside
              data-testid="sidebar"
            >
              <div>
                Main
              </div>
              <button
                data-testid="sidebar-logout-button"
              >
                Sidebar Logout
              </button>
              <button
                data-testid="settings-bank-button"
              >
                Bank Settings
              </button>
              <button
                data-testid="settings-city-button"
              >
                City Settings
              </button>
              <button
                data-testid="settings-state-button"
              >
                State Settings
              </button>
              <button
                data-testid="settings-company-button"
              >
                Company Settings
              </button>
              <button
                data-testid="settings-skills-button"
              >
                Skills Settings
              </button>
              <button
                data-testid="settings-shift-button"
              >
                Shift Settings
              </button>
              <button
                data-testid="settings-department-button"
              >
                Department Settings
              </button>
              <button
                data-testid="settings-invalid-button"
              >
                Invalid Settings
              </button>
            </aside>
            <main
              class="flex-1 p-10 bg-slate-100"
            >
              <div
                data-testid="dashboard-selector"
              >
                Dashboard Selector
              </div>
            </main>
          </div>
        </div>
      </div>
    </div>
  </div>
</div>
`;

exports[`Dashboard > renders dashboard header and sidebar 1`] = `
<div>
  <div>
    <div>
      <div
        class="flex min-h-screen bg-slate-100"
      >
        <div
          class="flex-1 flex flex-col min-h-screen"
        >
          <header
            data-testid="dashboard-header"
          >
            <h1>
              Dashboard
            </h1>
            <button
              data-testid="logout-button"
            >
              Logout
            </button>
          </header>
          <div
            class="flex flex-row w-full"
          >
            <aside
              data-testid="sidebar"
            >
              <div>
                Main
              </div>
              <button
                data-testid="sidebar-logout-button"
              >
                Sidebar Logout
              </button>
              <button
                data-testid="settings-bank-button"
              >
                Bank Settings
              </button>
              <button
                data-testid="settings-city-button"
              >
                City Settings
              </button>
              <button
                data-testid="settings-state-button"
              >
                State Settings
              </button>
              <button
                data-testid="settings-company-button"
              >
                Company Settings
              </button>
              <button
                data-testid="settings-skills-button"
              >
                Skills Settings
              </button>
              <button
                data-testid="settings-shift-button"
              >
                Shift Settings
              </button>
              <button
                data-testid="settings-department-button"
              >
                Department Settings
              </button>
              <button
                data-testid="settings-invalid-button"
              >
                Invalid Settings
              </button>
            </aside>
            <main
              class="flex-1 p-10 bg-slate-100"
            >
              <div
                data-testid="dashboard-selector"
              >
                Dashboard Selector
              </div>
            </main>
          </div>
        </div>
      </div>
    </div>
  </div>
</div>
`;
