// Vitest Snapshot v1, https://vitest.dev/guide/snapshot.html

exports[`Onboarding Component > renders correctly and matches snapshot 1`] = `
<DocumentFragment>
  <div
    class="min-h-screen bg-gradient-to-br from-blue-50 to-indigo-100 flex items-center justify-center p-4"
  >
    <div
      class="w-full max-w-2xl bg-white rounded-2xl shadow-xl p-8"
    >
      <div
        class="text-center mb-8"
      >
        <h1
          class="text-3xl font-bold text-gray-800 mb-2"
        >
          Complete Your Profile
        </h1>
        <p
          class="text-gray-600"
        >
          Let's get to know you better
        </p>
      </div>
      <div
        class="mb-8"
      >
        <div
          class="flex justify-between mb-2"
        >
          <span
            class="text-sm font-medium text-gray-700"
          >
            Step 1 of 3
          </span>
          <span
            class="text-sm text-gray-500"
          >
            33%
          </span>
        </div>
        <div
          class="w-full bg-gray-200 rounded-full h-2"
        >
          <div
            class="bg-blue-600 h-2 rounded-full transition-all duration-300"
            style="width: 33.33333333333333%;"
          />
        </div>
      </div>
      <div
        class="space-y-6"
      >
        <div
          class="space-y-4"
        >
          <h2
            class="text-xl font-semibold text-gray-800 mb-4"
          >
            Personal Information
          </h2>
          <div
            class="grid grid-cols-1 md:grid-cols-2 gap-4"
          >
            <div>
              <label
                class="block text-sm font-medium text-gray-700 mb-1"
              >
                First Name
              </label>
              <input
                class="w-full px-3 py-2 border rounded-lg focus:outline-none focus:ring-2 focus:ring-blue-500 border-gray-300"
                placeholder="Enter your first name"
                type="text"
                value=""
              />
            </div>
            <div>
              <label
                class="block text-sm font-medium text-gray-700 mb-1"
              >
                Last Name
              </label>
              <input
                class="w-full px-3 py-2 border rounded-lg focus:outline-none focus:ring-2 focus:ring-blue-500 border-gray-300"
                placeholder="Enter your last name"
                type="text"
                value=""
              />
            </div>
          </div>
          <div>
            <label
              class="block text-sm font-medium text-gray-700 mb-1"
            >
              Email
            </label>
            <input
              class="w-full px-3 py-2 border rounded-lg focus:outline-none focus:ring-2 focus:ring-blue-500 border-gray-300"
              placeholder="Enter your email"
              type="email"
              value=""
            />
          </div>
          <div>
            <label
              class="block text-sm font-medium text-gray-700 mb-1"
            >
              Phone Number
            </label>
            <input
              class="w-full px-3 py-2 border rounded-lg focus:outline-none focus:ring-2 focus:ring-blue-500 border-gray-300"
              placeholder="Enter your phone number"
              type="tel"
              value=""
            />
          </div>
        </div>
      </div>
      <div
        class="flex justify-between mt-8"
      >
        <button
          class="flex items-center gap-2 px-6 py-2 rounded-lg transition bg-gray-300 text-gray-500 cursor-not-allowed"
          disabled=""
        >
          <svg
            aria-hidden="true"
            class="lucide lucide-arrow-left w-4 h-4"
            fill="none"
            height="24"
            stroke="currentColor"
            stroke-linecap="round"
            stroke-linejoin="round"
            stroke-width="2"
            viewBox="0 0 24 24"
            width="24"
            xmlns="http://www.w3.org/2000/svg"
          >
            <path
              d="m12 19-7-7 7-7"
            />
            <path
              d="M19 12H5"
            />
          </svg>
          Previous
        </button>
        <button
          class="flex items-center gap-2 px-6 py-2 bg-blue-600 text-white rounded-lg hover:bg-blue-700 transition"
        >
          Next
          <svg
            aria-hidden="true"
            class="lucide lucide-arrow-right w-4 h-4"
            fill="none"
            height="24"
            stroke="currentColor"
            stroke-linecap="round"
            stroke-linejoin="round"
            stroke-width="2"
            viewBox="0 0 24 24"
            width="24"
            xmlns="http://www.w3.org/2000/svg"
          >
            <path
              d="M5 12h14"
            />
            <path
              d="m12 5 7 7-7 7"
            />
          </svg>
        </button>
      </div>
    </div>
  </div>
</DocumentFragment>
`;
