// Vitest Snapshot v1, https://vitest.dev/guide/snapshot.html

exports[`Header > should render correctly and match snapshot 1`] = `
<div>
  <header
    class="w-full bg-white/90 border-b border-slate-200 px-10 py-3 flex items-center justify-between shadow-sm sticky top-0 z-10 backdrop-blur"
  >
    <div
      class="flex items-center gap-3"
    >
      <span
        class="inline-flex items-center justify-center w-9 h-9 rounded-full bg-blue-100 text-blue-600"
      >
        <div
          class="w-5 h-5"
          data-testid="barchart2-icon"
        >
          BarChart2
        </div>
      </span>
      <h1
        class="text-2xl font-extrabold text-slate-800 tracking-tight"
      >
        Dashboard
      </h1>
    </div>
    <div
      class="flex items-center gap-4"
    >
      <div
        class="relative"
      >
        <button
          class="relative p-2 rounded-full hover:bg-blue-50 transition"
        >
          <div
            class="w-6 h-6 text-blue-700"
            data-testid="bell-icon"
          >
            Bell
          </div>
          <span
            class="absolute -top-1 -right-1 bg-red-500 text-white text-xs rounded-full px-1.5"
          >
            3
          </span>
        </button>
      </div>
      <div
        class="relative"
      >
        <button
          class="inline-flex items-center justify-center w-10 h-10 rounded-full bg-blue-100 text-blue-700 font-bold text-lg focus:outline-none"
        >
          <div
            class="w-6 h-6"
            data-testid="user-icon"
          >
            User
          </div>
        </button>
      </div>
    </div>
  </header>
</div>
`;
