// Vitest Snapshot v1, https://vitest.dev/guide/snapshot.html

exports[`City Feature > API Slice Structure > should match snapshot 1`] = `
{
  "endpoints": {
    "addCity": {
      "initiate": [Function],
      "matchFulfilled": [Function],
      "matchPending": [Function],
      "matchRejected": [Function],
      "name": "addCity",
      "select": [Function],
      "useMutation": [Function],
    },
    "deleteCity": {
      "initiate": [Function],
      "matchFulfilled": [Function],
      "matchPending": [Function],
      "matchRejected": [Function],
      "name": "deleteCity",
      "select": [Function],
      "useMutation": [Function],
    },
    "getCities": {
      "initiate": [Function],
      "matchFulfilled": [Function],
      "matchPending": [Function],
      "matchRejected": [Function],
      "name": "getCities",
      "select": [Function],
      "useLazyQuery": [Function],
      "useLazyQuerySubscription": [Function],
      "useQuery": [Function],
      "useQueryState": [Function],
      "useQuerySubscription": [Function],
    },
    "updateCity": {
      "initiate": [Function],
      "matchFulfilled": [Function],
      "matchPending": [Function],
      "matchRejected": [Function],
      "name": "updateCity",
      "select": [Function],
      "useMutation": [Function],
    },
    "uploadImage": {
      "initiate": [Function],
      "matchFulfilled": [Function],
      "matchPending": [Function],
      "matchRejected": [Function],
      "name": "uploadImage",
      "select": [Function],
      "useMutation": [Function],
    },
  },
  "enhanceEndpoints": [Function],
  "injectEndpoints": [Function],
  "internalActions": {
    "cacheEntriesUpserted": [Function],
    "internal_getRTKQSubscriptions": [Function],
    "middlewareRegistered": [Function],
    "onFocus": [Function],
    "onFocusLost": [Function],
    "onOffline": [Function],
    "onOnline": [Function],
    "queryResultPatched": [Function],
    "removeMutationResult": [Function],
    "removeQueryResult": [Function],
    "resetApiState": [Function],
    "subscriptionsUpdated": [Function],
    "unsubscribeQueryResult": [Function],
    "updateProvidedBy": [Function],
    "updateSubscriptionOptions": [Function],
  },
  "middleware": [Function],
  "reducer": [Function],
  "reducerPath": "api",
  "useAddCityMutation": [Function],
  "useDeleteCityMutation": [Function],
  "useGetCitiesQuery": [Function],
  "useLazyGetCitiesQuery": [Function],
  "usePrefetch": [Function],
  "useUpdateCityMutation": [Function],
  "useUploadImageMutation": [Function],
  "util": {
    "getRunningMutationThunk": [Function],
    "getRunningMutationsThunk": [Function],
    "getRunningQueriesThunk": [Function],
    "getRunningQueryThunk": [Function],
    "invalidateTags": [Function],
    "patchQueryData": [Function],
    "prefetch": [Function],
    "resetApiState": [Function],
    "selectCachedArgsForQuery": [Function],
    "selectInvalidatedBy": [Function],
    "updateQueryData": [Function],
    "upsertQueryData": [Function],
    "upsertQueryEntries": [Function],
  },
}
`;
