// Vitest Snapshot v1, https://vitest.dev/guide/snapshot.html

exports[`Login API Slice > API Slice Structure > should match snapshot 1`] = `
{
  "endpoints": {
    "login": {
      "initiate": [Function],
      "matchFulfilled": [Function],
      "matchPending": [Function],
      "matchRejected": [Function],
      "name": "login",
      "select": [Function],
      "useMutation": [Function],
    },
    "logout": {
      "initiate": [Function],
      "matchFulfilled": [Function],
      "matchPending": [Function],
      "matchRejected": [Function],
      "name": "logout",
      "select": [Function],
      "useMutation": [Function],
    },
    "signup": {
      "initiate": [Function],
      "matchFulfilled": [Function],
      "matchPending": [Function],
      "matchRejected": [Function],
      "name": "signup",
      "select": [Function],
      "useMutation": [Function],
    },
  },
  "enhanceEndpoints": [Function],
  "injectEndpoints": [Function],
  "internalActions": {
    "cacheEntriesUpserted": [Function],
    "internal_getRTKQSubscriptions": [Function],
    "middlewareRegistered": [Function],
    "onFocus": [Function],
    "onFocusLost": [Function],
    "onOffline": [Function],
    "onOnline": [Function],
    "queryResultPatched": [Function],
    "removeMutationResult": [Function],
    "removeQueryResult": [Function],
    "resetApiState": [Function],
    "subscriptionsUpdated": [Function],
    "unsubscribeQueryResult": [Function],
    "updateProvidedBy": [Function],
    "updateSubscriptionOptions": [Function],
  },
  "middleware": [Function],
  "reducer": [Function],
  "reducerPath": "api",
  "useLoginMutation": [Function],
  "useLogoutMutation": [Function],
  "usePrefetch": [Function],
  "useSignupMutation": [Function],
  "util": {
    "getRunningMutationThunk": [Function],
    "getRunningMutationsThunk": [Function],
    "getRunningQueriesThunk": [Function],
    "getRunningQueryThunk": [Function],
    "invalidateTags": [Function],
    "patchQueryData": [Function],
    "prefetch": [Function],
    "resetApiState": [Function],
    "selectCachedArgsForQuery": [Function],
    "selectInvalidatedBy": [Function],
    "updateQueryData": [Function],
    "upsertQueryData": [Function],
    "upsertQueryEntries": [Function],
  },
}
`;
