// Vitest Snapshot v1, https://vitest.dev/guide/snapshot.html

exports[`State API Slice > API Slice Structure > should match snapshot 1`] = `
{
  "endpoints": {
    "addState": {
      "initiate": [Function],
      "matchFulfilled": [Function],
      "matchPending": [Function],
      "matchRejected": [Function],
      "name": "addState",
      "select": [Function],
      "useMutation": [Function],
    },
    "deleteState": {
      "initiate": [Function],
      "matchFulfilled": [Function],
      "matchPending": [Function],
      "matchRejected": [Function],
      "name": "deleteState",
      "select": [Function],
      "useMutation": [Function],
    },
    "getStates": {
      "initiate": [Function],
      "matchFulfilled": [Function],
      "matchPending": [Function],
      "matchRejected": [Function],
      "name": "getStates",
      "select": [Function],
      "useLazyQuery": [Function],
      "useLazyQuerySubscription": [Function],
      "useQuery": [Function],
      "useQueryState": [Function],
      "useQuerySubscription": [Function],
    },
    "updateState": {
      "initiate": [Function],
      "matchFulfilled": [Function],
      "matchPending": [Function],
      "matchRejected": [Function],
      "name": "updateState",
      "select": [Function],
      "useMutation": [Function],
    },
  },
  "enhanceEndpoints": [Function],
  "injectEndpoints": [Function],
  "internalActions": {
    "cacheEntriesUpserted": [Function],
    "internal_getRTKQSubscriptions": [Function],
    "middlewareRegistered": [Function],
    "onFocus": [Function],
    "onFocusLost": [Function],
    "onOffline": [Function],
    "onOnline": [Function],
    "queryResultPatched": [Function],
    "removeMutationResult": [Function],
    "removeQueryResult": [Function],
    "resetApiState": [Function],
    "subscriptionsUpdated": [Function],
    "unsubscribeQueryResult": [Function],
    "updateProvidedBy": [Function],
    "updateSubscriptionOptions": [Function],
  },
  "middleware": [Function],
  "reducer": [Function],
  "reducerPath": "api",
  "useAddStateMutation": [Function],
  "useDeleteStateMutation": [Function],
  "useGetStatesQuery": [Function],
  "useLazyGetStatesQuery": [Function],
  "usePrefetch": [Function],
  "useUpdateStateMutation": [Function],
  "util": {
    "getRunningMutationThunk": [Function],
    "getRunningMutationsThunk": [Function],
    "getRunningQueriesThunk": [Function],
    "getRunningQueryThunk": [Function],
    "invalidateTags": [Function],
    "patchQueryData": [Function],
    "prefetch": [Function],
    "resetApiState": [Function],
    "selectCachedArgsForQuery": [Function],
    "selectInvalidatedBy": [Function],
    "updateQueryData": [Function],
    "upsertQueryData": [Function],
    "upsertQueryEntries": [Function],
  },
}
`;
