// Vitest Snapshot v1, https://vitest.dev/guide/snapshot.html

exports[`Toast Component > Component Structure and Rendering > matches toast component snapshot 1`] = `
<div
  class="fixed top-4 right-4 z-50 p-4 rounded-lg shadow-lg transition-all duration-300 transform bg-blue-500 text-white translate-x-0 opacity-100"
>
  <div
    class="flex items-center gap-3"
  >
    <svg
      class="w-5 h-5"
      fill="currentColor"
      viewBox="0 0 20 20"
    >
      <path
        clip-rule="evenodd"
        d="M18 10a8 8 0 11-16 0 8 8 0 0116 0zm-7-4a1 1 0 11-2 0 1 1 0 012 0zM9 9a1 1 0 000 2v3a1 1 0 001 1h1a1 1 0 100-2v-3a1 1 0 00-1-1H9z"
        fill-rule="evenodd"
      />
    </svg>
    <span
      class="font-medium"
    >
      Test message
    </span>
    <button
      class="ml-2 text-white hover:text-gray-200 transition-colors"
    >
      <svg
        class="w-4 h-4"
        fill="currentColor"
        viewBox="0 0 20 20"
      >
        <path
          clip-rule="evenodd"
          d="M4.293 4.293a1 1 0 011.414 0L10 8.586l4.293-4.293a1 1 0 111.414 1.414L11.414 10l4.293 4.293a1 1 0 01-1.414 1.414L10 11.414l-4.293 4.293a1 1 0 01-1.414-1.414L8.586 10 4.293 5.707a1 1 0 010-1.414z"
          fill-rule="evenodd"
        />
      </svg>
    </button>
  </div>
</div>
`;
