// Vitest Snapshot v1, https://vitest.dev/guide/snapshot.html

exports[`StateSelector > should render correctly 1`] = `
<div>
  <div
    class="max-w-2xl mx-auto"
  >
    <div
      class="fixed top-4 right-4 z-50 space-y-2"
    />
    <div
      class="flex items-center justify-between mb-6"
    >
      <h2
        class="text-2xl font-bold text-slate-800"
      >
        State List
      </h2>
      <button
        class="flex items-center gap-2 bg-blue-600 hover:bg-blue-700 text-white px-4 py-2 rounded-lg font-semibold shadow transition disabled:opacity-50"
      >
        <svg
          aria-hidden="true"
          class="lucide lucide-circle-plus w-5 h-5"
          fill="none"
          height="24"
          stroke="currentColor"
          stroke-linecap="round"
          stroke-linejoin="round"
          stroke-width="2"
          viewBox="0 0 24 24"
          width="24"
          xmlns="http://www.w3.org/2000/svg"
        >
          <circle
            cx="12"
            cy="12"
            r="10"
          />
          <path
            d="M8 12h8"
          />
          <path
            d="M12 8v8"
          />
        </svg>
         Add State
      </button>
    </div>
    <div
      class="bg-white rounded-xl shadow p-6 border border-slate-100"
    >
      <ul
        class="divide-y divide-slate-100"
      >
        <li
          class="flex items-center justify-between py-3"
        >
          <span
            class="flex-1 truncate text-slate-800 font-medium"
          >
            California
          </span>
          <div
            class="flex gap-2"
          >
            <button
              class="text-blue-500 hover:text-blue-700 px-2 py-1 rounded transition disabled:opacity-50"
            >
              <svg
                class="h-4 w-4"
                fill="none"
                stroke="currentColor"
                viewBox="0 0 24 24"
                xmlns="http://www.w3.org/2000/svg"
              >
                <path
                  d="M15.232 5.232l3.536 3.536M9 13h3l8-8a2.828 2.828 0 00-4-4l-8 8v3z"
                  stroke-linecap="round"
                  stroke-linejoin="round"
                  stroke-width="2"
                />
              </svg>
            </button>
            <button
              class="text-red-500 hover:text-red-700 px-2 py-1 rounded transition disabled:opacity-50"
            >
              <svg
                class="h-4 w-4"
                fill="none"
                stroke="currentColor"
                viewBox="0 0 24 24"
                xmlns="http://www.w3.org/2000/svg"
              >
                <path
                  d="M6 18L18 6M6 6l12 12"
                  stroke-linecap="round"
                  stroke-linejoin="round"
                  stroke-width="2"
                />
              </svg>
            </button>
          </div>
        </li>
        <li
          class="flex items-center justify-between py-3"
        >
          <span
            class="flex-1 truncate text-slate-800 font-medium"
          >
            Texas
          </span>
          <div
            class="flex gap-2"
          >
            <button
              class="text-blue-500 hover:text-blue-700 px-2 py-1 rounded transition disabled:opacity-50"
            >
              <svg
                class="h-4 w-4"
                fill="none"
                stroke="currentColor"
                viewBox="0 0 24 24"
                xmlns="http://www.w3.org/2000/svg"
              >
                <path
                  d="M15.232 5.232l3.536 3.536M9 13h3l8-8a2.828 2.828 0 00-4-4l-8 8v3z"
                  stroke-linecap="round"
                  stroke-linejoin="round"
                  stroke-width="2"
                />
              </svg>
            </button>
            <button
              class="text-red-500 hover:text-red-700 px-2 py-1 rounded transition disabled:opacity-50"
            >
              <svg
                class="h-4 w-4"
                fill="none"
                stroke="currentColor"
                viewBox="0 0 24 24"
                xmlns="http://www.w3.org/2000/svg"
              >
                <path
                  d="M6 18L18 6M6 6l12 12"
                  stroke-linecap="round"
                  stroke-linejoin="round"
                  stroke-width="2"
                />
              </svg>
            </button>
          </div>
        </li>
        <li
          class="flex items-center justify-between py-3"
        >
          <span
            class="flex-1 truncate text-slate-800 font-medium"
          >
            Florida
          </span>
          <div
            class="flex gap-2"
          >
            <button
              class="text-blue-500 hover:text-blue-700 px-2 py-1 rounded transition disabled:opacity-50"
            >
              <svg
                class="h-4 w-4"
                fill="none"
                stroke="currentColor"
                viewBox="0 0 24 24"
                xmlns="http://www.w3.org/2000/svg"
              >
                <path
                  d="M15.232 5.232l3.536 3.536M9 13h3l8-8a2.828 2.828 0 00-4-4l-8 8v3z"
                  stroke-linecap="round"
                  stroke-linejoin="round"
                  stroke-width="2"
                />
              </svg>
            </button>
            <button
              class="text-red-500 hover:text-red-700 px-2 py-1 rounded transition disabled:opacity-50"
            >
              <svg
                class="h-4 w-4"
                fill="none"
                stroke="currentColor"
                viewBox="0 0 24 24"
                xmlns="http://www.w3.org/2000/svg"
              >
                <path
                  d="M6 18L18 6M6 6l12 12"
                  stroke-linecap="round"
                  stroke-linejoin="round"
                  stroke-width="2"
                />
              </svg>
            </button>
          </div>
        </li>
      </ul>
    </div>
  </div>
</div>
`;
